// Jest Snapshot v1, https://goo.gl/fbAQLP

exports[`extensions skitch extensions write 1`] = `
"# myproject extension
comment = 'myproject extension'
default_version = '0.0.1'
module_pathname = '$libdir/myproject'
requires = 'plpgsql,uuid-ossp,pgcrypto,plv8'
relocatable = false
superuser = false
  "
`;
